Archive member included to satisfy reference by file (symbol)

e:/programs/mplab xc8/avr/bin/../lib/gcc/avr/5.4.0/../../../../avr/lib/avr5/memx-const\libc.a(exit.o)
                              E:/Programs/Microchip Studio/7.0/Packs/atmel/ATmega_DFP/1.7.374/xc8/avr/lib/avr5/memx-const/crtatmega32a.o (exit)
e:/programs/mplab xc8/avr/bin/../lib/gcc/avr/5.4.0/../../../../avr/lib/avr5/memx-const\libc.a(_Exit.o)
                              e:/programs/mplab xc8/avr/bin/../lib/gcc/avr/5.4.0/../../../../avr/lib/avr5/memx-const\libc.a(exit.o) (_Exit)
e:/programs/mplab xc8/avr/bin/../lib/gcc/avr/5.4.0/avr5/memx-const\libgcc.a(_exit.o)
                              e:/programs/mplab xc8/avr/bin/../lib/gcc/avr/5.4.0/../../../../avr/lib/avr5/memx-const\libc.a(_Exit.o) (_exit)

Discarded input sections

 .data          0x0000000000000000        0x0 E:/Programs/Microchip Studio/7.0/Packs/atmel/ATmega_DFP/1.7.374/xc8/avr/lib/avr5/memx-const/crtatmega32a.o
 .bss           0x0000000000000000        0x0 E:/Programs/Microchip Studio/7.0/Packs/atmel/ATmega_DFP/1.7.374/xc8/avr/lib/avr5/memx-const/crtatmega32a.o
 .text          0x0000000000000000        0x0 main.o
 .data          0x0000000000000000        0x0 main.o
 .bss           0x0000000000000000        0x0 main.o
 .text          0x0000000000000000        0x0 MCAL/DIO/DIO.o
 .data          0x0000000000000000        0x0 MCAL/DIO/DIO.o
 .bss           0x0000000000000000        0x0 MCAL/DIO/DIO.o
 .text.DIO_SetPortDir
                0x0000000000000000       0x20 MCAL/DIO/DIO.o
 .text.DIO_SetPortVal
                0x0000000000000000       0x20 MCAL/DIO/DIO.o
 .text.DIO_ReadPort
                0x0000000000000000       0x30 MCAL/DIO/DIO.o
 .text.DIO_ReadPin
                0x0000000000000000       0x68 MCAL/DIO/DIO.o
 .text.DIO_TogglePin
                0x0000000000000000       0x68 MCAL/DIO/DIO.o
 .text          0x0000000000000000        0x0 MCAL/INTERRUPTS/EXTERNAL/EXT_INT.o
 .data          0x0000000000000000        0x0 MCAL/INTERRUPTS/EXTERNAL/EXT_INT.o
 .bss           0x0000000000000000        0x0 MCAL/INTERRUPTS/EXTERNAL/EXT_INT.o
 .text.ExternalINT0_Init
                0x0000000000000000       0x20 MCAL/INTERRUPTS/EXTERNAL/EXT_INT.o
 .text.ExternalINT1_Init
                0x0000000000000000       0x20 MCAL/INTERRUPTS/EXTERNAL/EXT_INT.o
 .text.ExternalINT2_Init
                0x0000000000000000       0x1a MCAL/INTERRUPTS/EXTERNAL/EXT_INT.o
 .text          0x0000000000000000        0x0 MCAL/INTERRUPTS/INTERNAL/ADC_INT/ADC_INT.o
 .data          0x0000000000000000        0x0 MCAL/INTERRUPTS/INTERNAL/ADC_INT/ADC_INT.o
 .bss           0x0000000000000000        0x0 MCAL/INTERRUPTS/INTERNAL/ADC_INT/ADC_INT.o
 .text.INT_ADC_Init
                0x0000000000000000        0xc MCAL/INTERRUPTS/INTERNAL/ADC_INT/ADC_INT.o
 .debug_info    0x0000000000000000      0x2d2 MCAL/INTERRUPTS/INTERNAL/ADC_INT/ADC_INT.o
 .debug_abbrev  0x0000000000000000       0x63 MCAL/INTERRUPTS/INTERNAL/ADC_INT/ADC_INT.o
 .debug_aranges
                0x0000000000000000       0x20 MCAL/INTERRUPTS/INTERNAL/ADC_INT/ADC_INT.o
 .debug_ranges  0x0000000000000000       0x10 MCAL/INTERRUPTS/INTERNAL/ADC_INT/ADC_INT.o
 .debug_line    0x0000000000000000       0xaf MCAL/INTERRUPTS/INTERNAL/ADC_INT/ADC_INT.o
 .debug_str     0x0000000000000000       0x14 MCAL/INTERRUPTS/INTERNAL/ADC_INT/ADC_INT.o
 .comment       0x0000000000000000       0x30 MCAL/INTERRUPTS/INTERNAL/ADC_INT/ADC_INT.o
 .debug_frame   0x0000000000000000       0x24 MCAL/INTERRUPTS/INTERNAL/ADC_INT/ADC_INT.o
 .text          0x0000000000000000        0x0 MCAL/INTERRUPTS/INTERNAL/TIMER_INT/TIMER_INT.o
 .data          0x0000000000000000        0x0 MCAL/INTERRUPTS/INTERNAL/TIMER_INT/TIMER_INT.o
 .bss           0x0000000000000000        0x0 MCAL/INTERRUPTS/INTERNAL/TIMER_INT/TIMER_INT.o
 .text          0x0000000000000000        0x0 MCAL/TIMERS/TIMER0/TIMER0.o
 .data          0x0000000000000000        0x0 MCAL/TIMERS/TIMER0/TIMER0.o
 .bss           0x0000000000000000        0x0 MCAL/TIMERS/TIMER0/TIMER0.o
 .text.TIMER0_OFF
                0x0000000000000000       0x14 MCAL/TIMERS/TIMER0/TIMER0.o
 .text.TIMER0_Read
                0x0000000000000000        0x4 MCAL/TIMERS/TIMER0/TIMER0.o
 .text          0x0000000000000000        0x0 e:/programs/mplab xc8/avr/bin/../lib/gcc/avr/5.4.0/../../../../avr/lib/avr5/memx-const\libc.a(exit.o)
 .data          0x0000000000000000        0x0 e:/programs/mplab xc8/avr/bin/../lib/gcc/avr/5.4.0/../../../../avr/lib/avr5/memx-const\libc.a(exit.o)
 .bss           0x0000000000000000        0x0 e:/programs/mplab xc8/avr/bin/../lib/gcc/avr/5.4.0/../../../../avr/lib/avr5/memx-const\libc.a(exit.o)
 .text          0x0000000000000000        0x0 e:/programs/mplab xc8/avr/bin/../lib/gcc/avr/5.4.0/../../../../avr/lib/avr5/memx-const\libc.a(_Exit.o)
 .data          0x0000000000000000        0x0 e:/programs/mplab xc8/avr/bin/../lib/gcc/avr/5.4.0/../../../../avr/lib/avr5/memx-const\libc.a(_Exit.o)
 .bss           0x0000000000000000        0x0 e:/programs/mplab xc8/avr/bin/../lib/gcc/avr/5.4.0/../../../../avr/lib/avr5/memx-const\libc.a(_Exit.o)
 .text          0x0000000000000000        0x0 e:/programs/mplab xc8/avr/bin/../lib/gcc/avr/5.4.0/avr5/memx-const\libgcc.a(_exit.o)
 .data          0x0000000000000000        0x0 e:/programs/mplab xc8/avr/bin/../lib/gcc/avr/5.4.0/avr5/memx-const\libgcc.a(_exit.o)
 .bss           0x0000000000000000        0x0 e:/programs/mplab xc8/avr/bin/../lib/gcc/avr/5.4.0/avr5/memx-const\libgcc.a(_exit.o)
 .text.libgcc.mul
                0x0000000000000000        0x0 e:/programs/mplab xc8/avr/bin/../lib/gcc/avr/5.4.0/avr5/memx-const\libgcc.a(_exit.o)
 .text.libgcc.div
                0x0000000000000000        0x0 e:/programs/mplab xc8/avr/bin/../lib/gcc/avr/5.4.0/avr5/memx-const\libgcc.a(_exit.o)
 .text.libgcc   0x0000000000000000        0x0 e:/programs/mplab xc8/avr/bin/../lib/gcc/avr/5.4.0/avr5/memx-const\libgcc.a(_exit.o)
 .text.libgcc.prologue
                0x0000000000000000        0x0 e:/programs/mplab xc8/avr/bin/../lib/gcc/avr/5.4.0/avr5/memx-const\libgcc.a(_exit.o)
 .stack.descriptors
                0x0000000000000000       0x13 e:/programs/mplab xc8/avr/bin/../lib/gcc/avr/5.4.0/avr5/memx-const\libgcc.a(_exit.o)
 .text.libgcc.builtins
                0x0000000000000000        0x0 e:/programs/mplab xc8/avr/bin/../lib/gcc/avr/5.4.0/avr5/memx-const\libgcc.a(_exit.o)
 .text.libgcc.fmul
                0x0000000000000000        0x0 e:/programs/mplab xc8/avr/bin/../lib/gcc/avr/5.4.0/avr5/memx-const\libgcc.a(_exit.o)
 .text.libgcc.fixed
                0x0000000000000000        0x0 e:/programs/mplab xc8/avr/bin/../lib/gcc/avr/5.4.0/avr5/memx-const\libgcc.a(_exit.o)

Memory Configuration

Name             Origin             Length             Attributes
text             0x0000000000000000 0x0000000000008000 xr
data             0x0000000000800060 0x0000000000000800 rw !x
eeprom           0x0000000000810000 0x0000000000000400 rw !x
fuse             0x0000000000820000 0x0000000000000002 rw !x
lock             0x0000000000830000 0x0000000000000400 rw !x
signature        0x0000000000840000 0x0000000000000400 rw !x
user_signatures  0x0000000000850000 0x0000000000000400 rw !x
*default*        0x0000000000000000 0xffffffffffffffff

Linker script and memory map

LOAD E:/Programs/Microchip Studio/7.0/Packs/atmel/ATmega_DFP/1.7.374/xc8/avr/lib/avr5/memx-const/crtatmega32a.o
LOAD main.o
LOAD MCAL/DIO/DIO.o
LOAD MCAL/INTERRUPTS/EXTERNAL/EXT_INT.o
LOAD MCAL/INTERRUPTS/INTERNAL/ADC_INT/ADC_INT.o
LOAD MCAL/INTERRUPTS/INTERNAL/TIMER_INT/TIMER_INT.o
LOAD MCAL/TIMERS/TIMER0/TIMER0.o
START GROUP
LOAD e:/programs/mplab xc8/avr/bin/../lib/gcc/avr/5.4.0/../../../../avr/lib/avr5/memx-const\libm.a
END GROUP
START GROUP
LOAD e:/programs/mplab xc8/avr/bin/../lib/gcc/avr/5.4.0/avr5/memx-const\libgcc.a
LOAD e:/programs/mplab xc8/avr/bin/../lib/gcc/avr/5.4.0/../../../../avr/lib/avr5/memx-const\libm.a
LOAD e:/programs/mplab xc8/avr/bin/../lib/gcc/avr/5.4.0/../../../../avr/lib/avr5/memx-const\libc.a
LOAD E:/Programs/Microchip Studio/7.0/Packs/atmel/ATmega_DFP/1.7.374/xc8/avr/lib/avr5/memx-const\libatmega32a.a
END GROUP
                [0x0000000000000000]                __TEXT_REGION_ORIGIN__ = DEFINED (__TEXT_REGION_ORIGIN__)?__TEXT_REGION_ORIGIN__:0x0
                [0x0000000000800060]                __DATA_REGION_ORIGIN__ = DEFINED (__DATA_REGION_ORIGIN__)?__DATA_REGION_ORIGIN__:0x800060
                [0x0000000000008000]                __TEXT_REGION_LENGTH__ = DEFINED (__TEXT_REGION_LENGTH__)?__TEXT_REGION_LENGTH__:0x20000
                [0x0000000000000800]                __DATA_REGION_LENGTH__ = DEFINED (__DATA_REGION_LENGTH__)?__DATA_REGION_LENGTH__:0xffa0
                [0x0000000000000400]                __EEPROM_REGION_LENGTH__ = DEFINED (__EEPROM_REGION_LENGTH__)?__EEPROM_REGION_LENGTH__:0x10000
                [0x0000000000000002]                __FUSE_REGION_LENGTH__ = DEFINED (__FUSE_REGION_LENGTH__)?__FUSE_REGION_LENGTH__:0x400
                0x0000000000000400                __LOCK_REGION_LENGTH__ = DEFINED (__LOCK_REGION_LENGTH__)?__LOCK_REGION_LENGTH__:0x400
                0x0000000000000400                __SIGNATURE_REGION_LENGTH__ = DEFINED (__SIGNATURE_REGION_LENGTH__)?__SIGNATURE_REGION_LENGTH__:0x400
                0x0000000000000400                __USER_SIGNATURE_REGION_LENGTH__ = DEFINED (__USER_SIGNATURE_REGION_LENGTH__)?__USER_SIGNATURE_REGION_LENGTH__:0x400

.hash
 *(.hash)

.dynsym
 *(.dynsym)

.dynstr
 *(.dynstr)

.gnu.version
 *(.gnu.version)

.gnu.version_d
 *(.gnu.version_d)

.gnu.version_r
 *(.gnu.version_r)

.rel.init
 *(.rel.init)

.rela.init
 *(.rela.init)

.rel.text
 *(.rel.text)
 *(.rel.text.*)
 *(.rel.gnu.linkonce.t*)

.rela.text
 *(.rela.text)
 *(.rela.text.*)
 *(.rela.gnu.linkonce.t*)

.rel.fini
 *(.rel.fini)

.rela.fini
 *(.rela.fini)

.rel.rodata
 *(.rel.rodata)
 *(.rel.rodata.*)
 *(.rel.gnu.linkonce.r*)

.rela.rodata
 *(.rela.rodata)
 *(.rela.rodata.*)
 *(.rela.gnu.linkonce.r*)

.rel.data
 *(.rel.data)
 *(.rel.data.*)
 *(.rel.gnu.linkonce.d*)

.rela.data
 *(.rela.data)
 *(.rela.data.*)
 *(.rela.gnu.linkonce.d*)

.rel.ctors
 *(.rel.ctors)

.rela.ctors
 *(.rela.ctors)

.rel.dtors
 *(.rel.dtors)

.rela.dtors
 *(.rela.dtors)

.rel.got
 *(.rel.got)

.rela.got
 *(.rela.got)

.rel.bss
 *(.rel.bss)

.rela.bss
 *(.rela.bss)

.rel.plt
 *(.rel.plt)

.rela.plt
 *(.rela.plt)

.text           0x0000000000000000       0x6c
 *(.vectors)
 .vectors       0x0000000000000000       0x54 E:/Programs/Microchip Studio/7.0/Packs/atmel/ATmega_DFP/1.7.374/xc8/avr/lib/avr5/memx-const/crtatmega32a.o
                0x0000000000000000                __vector_default
                0x0000000000000000                __vectors
 *(.vectors)
 *(.progmem.gcc*)
 *(.dinit)
 .dinit         0x0000000000000054        0x0 data_init
                0x0000000000000054                . = ALIGN (0x2)
                0x0000000000000054                __trampolines_start = .
 *(.trampolines)
 .trampolines   0x0000000000000054        0x0 linker stubs
 *(.trampolines*)
                0x0000000000000054                __trampolines_end = .
 *libprintf_flt.a:*(.progmem.data)
 *libc.a:*(.progmem.data)
                0x0000000000000054                . = ALIGN (0x2)
 *(.jumptables)
 *(.jumptables*)
 *(.lowtext)
 *(.lowtext*)
                0x0000000000000054                __ctors_start = .
 *(.ctors)
                0x0000000000000054                __ctors_end = .
                0x0000000000000054                __dtors_start = .
 *(.dtors)
                0x0000000000000054                __dtors_end = .
 SORT(*)(.ctors)
 SORT(*)(.dtors)
 *(.init0)
 .init0         0x0000000000000054        0x0 E:/Programs/Microchip Studio/7.0/Packs/atmel/ATmega_DFP/1.7.374/xc8/avr/lib/avr5/memx-const/crtatmega32a.o
                0x0000000000000054                __init
 *(.init0)
 *(.init1)
 *(.init1)
 *(.init2)
 .init2         0x0000000000000054        0xc E:/Programs/Microchip Studio/7.0/Packs/atmel/ATmega_DFP/1.7.374/xc8/avr/lib/avr5/memx-const/crtatmega32a.o
 *(.init2)
 *(.init3)
 *(.init3)
 *(.init4)
 *(.init4)
 *(.init5)
 *(.init5)
 *(.init6)
 *(.init6)
 *(.init7)
 *(.init7)
 *(.init8)
 *(.init8)
 *(.init9)
 .init9         0x0000000000000060        0x8 E:/Programs/Microchip Studio/7.0/Packs/atmel/ATmega_DFP/1.7.374/xc8/avr/lib/avr5/memx-const/crtatmega32a.o
 *(.init9)
                0x0000000000000068                . = ALIGN (0x2)
 *(.fini9)
 .fini9         0x0000000000000068        0x0 e:/programs/mplab xc8/avr/bin/../lib/gcc/avr/5.4.0/avr5/memx-const\libgcc.a(_exit.o)
                0x0000000000000068                _exit
 *(.fini9)
 *(.fini8)
 *(.fini8)
 *(.fini7)
 *(.fini7)
 *(.fini6)
 *(.fini6)
 *(.fini5)
 *(.fini5)
 *(.fini4)
 *(.fini4)
 *(.fini3)
 *(.fini3)
 *(.fini2)
 *(.fini2)
 *(.fini1)
 *(.fini1)
 *(.fini0)
 .fini0         0x0000000000000068        0x4 e:/programs/mplab xc8/avr/bin/../lib/gcc/avr/5.4.0/avr5/memx-const\libgcc.a(_exit.o)
 *(.fini0)
                0x000000000000006c                _etext = .

.data           0x0000000000800060        0x0 load address 0x000000000000006c
                [!provide]                        PROVIDE (__data_start, .)
 *(.gnu.linkonce.d*)
 *(.gnu.linkonce.r*)
                0x0000000000800060                . = ALIGN (0x2)
                0x0000000000800060                _edata = .
                [!provide]                        PROVIDE (__data_end, .)

.bss            0x0000000000800060        0x0
                [!provide]                        PROVIDE (__bss_start, .)
 *(COMMON)
                [!provide]                        PROVIDE (__bss_end, .)
                0x000000000000006c                __data_load_start = LOADADDR (.data)
                0x000000000000006c                __data_load_end = (__data_load_start + SIZEOF (.data))

.noinit         0x0000000000800060        0x0
                [!provide]                        PROVIDE (__noinit_start, .)
 *(.noinit*)
                [!provide]                        PROVIDE (__noinit_end, .)
                0x0000000000800060                _end = .

.eeprom         0x0000000000810000        0x0
 *(.eeprom*)
                0x0000000000810000                __eeprom_end = .

.fuse
 *(.fuse)
 *(.lfuse)
 *(.hfuse)
 *(.efuse)

.lock
 *(.lock*)

.signature
 *(.signature*)

.user_signatures
 *(.user_signatures*)

.stab
 *(.stab)

.stabstr
 *(.stabstr)

.stab.excl
 *(.stab.excl)

.stab.exclstr
 *(.stab.exclstr)

.stab.index
 *(.stab.index)

.stab.indexstr
 *(.stab.indexstr)

.comment        0x0000000000000000       0x2f
 *(.comment)
 .comment       0x0000000000000000       0x2f main.o
                                         0x30 (size before relaxing)
 .comment       0x000000000000002f       0x30 MCAL/DIO/DIO.o
 .comment       0x000000000000002f       0x30 MCAL/INTERRUPTS/EXTERNAL/EXT_INT.o
 .comment       0x000000000000002f       0x30 MCAL/INTERRUPTS/INTERNAL/TIMER_INT/TIMER_INT.o
 .comment       0x000000000000002f       0x30 MCAL/TIMERS/TIMER0/TIMER0.o
 .comment       0x000000000000002f       0x30 e:/programs/mplab xc8/avr/bin/../lib/gcc/avr/5.4.0/../../../../avr/lib/avr5/memx-const\libc.a(exit.o)
 .comment       0x000000000000002f       0x30 e:/programs/mplab xc8/avr/bin/../lib/gcc/avr/5.4.0/../../../../avr/lib/avr5/memx-const\libc.a(_Exit.o)

.note.GNU-stack
                0x0000000000000000        0x0
 .note.GNU-stack
                0x0000000000000000        0x0 e:/programs/mplab xc8/avr/bin/../lib/gcc/avr/5.4.0/../../../../avr/lib/avr5/memx-const\libc.a(exit.o)
 .note.GNU-stack
                0x0000000000000000        0x0 e:/programs/mplab xc8/avr/bin/../lib/gcc/avr/5.4.0/../../../../avr/lib/avr5/memx-const\libc.a(_Exit.o)

.stack.descriptors.hdr
                0x0000000000000000        0xe
 .stack.descriptors.hdr
                0x0000000000000000        0xe e:/programs/mplab xc8/avr/bin/../lib/gcc/avr/5.4.0/avr5/memx-const\libgcc.a(_exit.o)

.note.gnu.build-id
 *(.note.gnu.build-id)

.debug
 *(.debug)

.line
 *(.line)

.debug_srcinfo
 *(.debug_srcinfo)

.debug_sfnames
 *(.debug_sfnames)

.debug_aranges  0x0000000000000000      0x110
 *(.debug_aranges)
 .debug_aranges
                0x0000000000000000       0x30 main.o
 .debug_aranges
                0x0000000000000030       0x50 MCAL/DIO/DIO.o
 .debug_aranges
                0x0000000000000080       0x38 MCAL/INTERRUPTS/EXTERNAL/EXT_INT.o
 .debug_aranges
                0x00000000000000b8       0x20 MCAL/INTERRUPTS/INTERNAL/TIMER_INT/TIMER_INT.o
 .debug_aranges
                0x00000000000000d8       0x38 MCAL/TIMERS/TIMER0/TIMER0.o

.debug_pubnames
 *(.debug_pubnames)

.debug_info     0x0000000000000000     0x174a
 *(.debug_info .gnu.linkonce.wi.*)
 .debug_info    0x0000000000000000      0x4e6 E:/Programs/Microchip Studio/7.0/Packs/atmel/ATmega_DFP/1.7.374/xc8/avr/lib/avr5/memx-const/crtatmega32a.o
 .debug_info    0x00000000000004e6      0x4c3 main.o
 .debug_info    0x00000000000009a9      0x472 MCAL/DIO/DIO.o
 .debug_info    0x0000000000000e1b      0x323 MCAL/INTERRUPTS/EXTERNAL/EXT_INT.o
 .debug_info    0x000000000000113e      0x2d9 MCAL/INTERRUPTS/INTERNAL/TIMER_INT/TIMER_INT.o
 .debug_info    0x0000000000001417      0x333 MCAL/TIMERS/TIMER0/TIMER0.o

.debug_abbrev   0x0000000000000000      0x7e5
 *(.debug_abbrev)
 .debug_abbrev  0x0000000000000000      0x4a3 E:/Programs/Microchip Studio/7.0/Packs/atmel/ATmega_DFP/1.7.374/xc8/avr/lib/avr5/memx-const/crtatmega32a.o
 .debug_abbrev  0x00000000000004a3      0x15d main.o
 .debug_abbrev  0x0000000000000600       0x96 MCAL/DIO/DIO.o
 .debug_abbrev  0x0000000000000696       0x46 MCAL/INTERRUPTS/EXTERNAL/EXT_INT.o
 .debug_abbrev  0x00000000000006dc       0x63 MCAL/INTERRUPTS/INTERNAL/TIMER_INT/TIMER_INT.o
 .debug_abbrev  0x000000000000073f       0xa6 MCAL/TIMERS/TIMER0/TIMER0.o

.debug_line     0x0000000000000000      0x838
 *(.debug_line .debug_line.* .debug_line_end)
 .debug_line    0x0000000000000000      0x119 E:/Programs/Microchip Studio/7.0/Packs/atmel/ATmega_DFP/1.7.374/xc8/avr/lib/avr5/memx-const/crtatmega32a.o
 .debug_line    0x0000000000000119      0x1b5 main.o
 .debug_line    0x00000000000002ce      0x28a MCAL/DIO/DIO.o
 .debug_line    0x0000000000000558       0xfe MCAL/INTERRUPTS/EXTERNAL/EXT_INT.o
 .debug_line    0x0000000000000656       0xbb MCAL/INTERRUPTS/INTERNAL/TIMER_INT/TIMER_INT.o
 .debug_line    0x0000000000000711      0x127 MCAL/TIMERS/TIMER0/TIMER0.o

.debug_frame    0x0000000000000000      0x1a0
 *(.debug_frame)
 .debug_frame   0x0000000000000000       0x50 main.o
 .debug_frame   0x0000000000000050       0x84 MCAL/DIO/DIO.o
 .debug_frame   0x00000000000000d4       0x54 MCAL/INTERRUPTS/EXTERNAL/EXT_INT.o
 .debug_frame   0x0000000000000128       0x24 MCAL/INTERRUPTS/INTERNAL/TIMER_INT/TIMER_INT.o
 .debug_frame   0x000000000000014c       0x54 MCAL/TIMERS/TIMER0/TIMER0.o

.debug_str      0x0000000000000000      0x1f4
 *(.debug_str)
 .debug_str     0x0000000000000000      0x196 E:/Programs/Microchip Studio/7.0/Packs/atmel/ATmega_DFP/1.7.374/xc8/avr/lib/avr5/memx-const/crtatmega32a.o
 .debug_str     0x0000000000000196       0x35 main.o
 .debug_str     0x00000000000001cb        0x5 MCAL/DIO/DIO.o
 .debug_str     0x00000000000001d0        0x0 MCAL/INTERRUPTS/EXTERNAL/EXT_INT.o
 .debug_str     0x00000000000001d0       0x14 MCAL/INTERRUPTS/INTERNAL/TIMER_INT/TIMER_INT.o
 .debug_str     0x00000000000001e4       0x10 MCAL/TIMERS/TIMER0/TIMER0.o

.debug_loc      0x0000000000000000      0x3c2
 *(.debug_loc)
 .debug_loc     0x0000000000000000       0xde main.o
 .debug_loc     0x00000000000000de      0x2e4 MCAL/DIO/DIO.o

.debug_macinfo
 *(.debug_macinfo)

.debug_weaknames
 *(.debug_weaknames)

.debug_funcnames
 *(.debug_funcnames)

.debug_typenames
 *(.debug_typenames)

.debug_varnames
 *(.debug_varnames)

.debug_pubtypes
 *(.debug_pubtypes)

.debug_ranges   0x0000000000000000       0xc0
 *(.debug_ranges)
 .debug_ranges  0x0000000000000000       0x20 main.o
 .debug_ranges  0x0000000000000020       0x40 MCAL/DIO/DIO.o
 .debug_ranges  0x0000000000000060       0x28 MCAL/INTERRUPTS/EXTERNAL/EXT_INT.o
 .debug_ranges  0x0000000000000088       0x10 MCAL/INTERRUPTS/INTERNAL/TIMER_INT/TIMER_INT.o
 .debug_ranges  0x0000000000000098       0x28 MCAL/TIMERS/TIMER0/TIMER0.o

.debug_macro
 *(.debug_macro)
OUTPUT(Dimming_LED_task.elf elf32-avr)
LOAD linker stubs
LOAD data_init

.note.gnu.avr.deviceinfo
                0x0000000000000000       0x3c
 .note.gnu.avr.deviceinfo
                0x0000000000000000       0x3c E:/Programs/Microchip Studio/7.0/Packs/atmel/ATmega_DFP/1.7.374/xc8/avr/lib/avr5/memx-const/crtatmega32a.o

.text.DIO_SetPinDir
                0x000000000000006c       0xe2
 .text.DIO_SetPinDir
                0x000000000000006c       0xe2 MCAL/DIO/DIO.o
                0x000000000000006c                DIO_SetPinDir

.text.DIO_SetPinVal
                0x000000000000014e       0xe2
 .text.DIO_SetPinVal
                0x000000000000014e       0xe2 MCAL/DIO/DIO.o
                0x000000000000014e                DIO_SetPinVal

.text.main      0x0000000000000230       0x62
 .text.main     0x0000000000000230       0x62 main.o
                0x0000000000000230                main

.text.TIMER0_Init
                0x0000000000000292       0x30
 .text.TIMER0_Init
                0x0000000000000292       0x30 MCAL/TIMERS/TIMER0/TIMER0.o
                0x0000000000000292                TIMER0_Init

.text.exit      0x00000000000002c2       0x16
 .text.exit     0x00000000000002c2       0x16 e:/programs/mplab xc8/avr/bin/../lib/gcc/avr/5.4.0/../../../../avr/lib/avr5/memx-const\libc.a(exit.o)
                0x00000000000002c2                exit

.text.__vector_10
                0x00000000000002d8       0x14
 .text.__vector_10
                0x00000000000002d8       0x14 main.o
                0x00000000000002d8                __vector_10

.text.INT_TIMER0_Init
                0x00000000000002ec       0x12
 .text.INT_TIMER0_Init
                0x00000000000002ec       0x12 MCAL/INTERRUPTS/INTERNAL/TIMER_INT/TIMER_INT.o
                0x00000000000002ec                INT_TIMER0_Init

.text.test_TIMER
                0x00000000000002fe       0x10
 .text.test_TIMER
                0x00000000000002fe       0x10 main.o
                0x00000000000002fe                test_TIMER

.text.SET_GlobalInterrupt
                0x000000000000030e        0x8
 .text.SET_GlobalInterrupt
                0x000000000000030e        0x8 MCAL/INTERRUPTS/EXTERNAL/EXT_INT.o
                0x000000000000030e                SET_GlobalInterrupt

.text           0x0000000000000316        0x4
 .text          0x0000000000000316        0x4 E:/Programs/Microchip Studio/7.0/Packs/atmel/ATmega_DFP/1.7.374/xc8/avr/lib/avr5/memx-const/crtatmega32a.o
                0x0000000000000316                __vector_1
                0x0000000000000316                __vector_12
                0x0000000000000316                __bad_interrupt
                0x0000000000000316                __vector_6
                0x0000000000000316                __vector_3
                0x0000000000000316                __vector_11
                0x0000000000000316                __vector_13
                0x0000000000000316                __vector_17
                0x0000000000000316                __vector_19
                0x0000000000000316                __vector_7
                0x0000000000000316                __vector_5
                0x0000000000000316                __vector_4
                0x0000000000000316                __vector_9
                0x0000000000000316                __vector_2
                0x0000000000000316                __vector_15
                0x0000000000000316                __vector_8
                0x0000000000000316                __vector_14
                0x0000000000000316                __vector_16
                0x0000000000000316                __vector_18
                0x0000000000000316                __vector_20

.text.TIMER0_Write
                0x000000000000031a        0x4
 .text.TIMER0_Write
                0x000000000000031a        0x4 MCAL/TIMERS/TIMER0/TIMER0.o
                0x000000000000031a                TIMER0_Write

.text._Exit     0x000000000000031e        0x4
 .text._Exit    0x000000000000031e        0x4 e:/programs/mplab xc8/avr/bin/../lib/gcc/avr/5.4.0/../../../../avr/lib/avr5/memx-const\libc.a(_Exit.o)
                0x000000000000031e                _Exit

.text.__dummy_fini
                0x0000000000000322        0x2
 .text.__dummy_fini
                0x0000000000000322        0x2 e:/programs/mplab xc8/avr/bin/../lib/gcc/avr/5.4.0/../../../../avr/lib/avr5/memx-const\libc.a(exit.o)
                0x0000000000000322                _fini

.text.__dummy_funcs_on_exit
                0x0000000000000324        0x2
 .text.__dummy_funcs_on_exit
                0x0000000000000324        0x2 e:/programs/mplab xc8/avr/bin/../lib/gcc/avr/5.4.0/../../../../avr/lib/avr5/memx-const\libc.a(exit.o)
                0x0000000000000324                __funcs_on_exit

.text.__dummy_simulator_exit
                0x0000000000000326        0x2
 .text.__dummy_simulator_exit
                0x0000000000000326        0x2 e:/programs/mplab xc8/avr/bin/../lib/gcc/avr/5.4.0/../../../../avr/lib/avr5/memx-const\libc.a(exit.o)
                0x0000000000000326                __simulator_exit
